OK supply chain network diversification: 15 items
OK supply network diversification trade liberalization firm: 15 items
OK customer supplier network diversification: 15 items
OK import partner diversification liberalization: 15 items
OK supplier base diversification resilience: 12 items
OK geographic concentration supply chain customers suppliers: 15 items
OK supply chain regionalization nearshoring trade: 12 items
OK onshore outsourcing regional production network: 12 items
OK customer geographical concentration supplier: 12 items
OK production network regionalization free trade agreement: 12 items
OK supply chain network centrality firm: 12 items
OK network centrality global value chain firms: 12 items
OK production network centrality shock propagation: 12 items
OK firm centrality buyer supplier network exports: 12 items
OK number of supplier countries firm imports: 12 items
OK international sourcing breadth country count: 12 items
OK import supplier countries diversification tariff: 12 items
OK free trade agreement supply chain network: 15 items
OK regional trade agreement production networks firms: 15 items
OK RCEP supply chains firms: 12 items
OK trade agreement trade network exports: 12 items
OK tariff reduction production network firm: 12 items
OK compustat customer supplier data production network: 12 items
OK factset revere customer supplier connections: 10 items
OK firm to firm trade network exporter: 12 items
OK customer-supplier network China listed firms: 12 items
OK customers suppliers top five public firms China: 12 items
OK production network resilience trade war: 12 items
OK supply chain robustness tariff shock: 12 items
OK network structure trade costs reallocation: 12 items
ALL DONE
